------------------------------------------------------------
Timing Analyzer Summary
------------------------------------------------------------

Type  : Slow 1200mV 85C Model Setup 'CLOCK_50'
Slack : -3.009
TNS   : -45.950

Type  : Slow 1200mV 85C Model Setup 'UART_Rx:UART_RX|valid'
Slack : -1.176
TNS   : -9.357

Type  : Slow 1200mV 85C Model Hold 'CLOCK_50'
Slack : 0.330
TNS   : 0.000

Type  : Slow 1200mV 85C Model Hold 'UART_Rx:UART_RX|valid'
Slack : 0.943
TNS   : 0.000

Type  : Slow 1200mV 85C Model Minimum Pulse Width 'CLOCK_50'
Slack : -3.000
TNS   : -37.216

Type  : Slow 1200mV 85C Model Minimum Pulse Width 'UART_Rx:UART_RX|valid'
Slack : 0.395
TNS   : 0.000

Type  : Slow 1200mV 0C Model Setup 'CLOCK_50'
Slack : -2.612
TNS   : -39.433

Type  : Slow 1200mV 0C Model Setup 'UART_Rx:UART_RX|valid'
Slack : -1.088
TNS   : -8.657

Type  : Slow 1200mV 0C Model Hold 'CLOCK_50'
Slack : 0.299
TNS   : 0.000

Type  : Slow 1200mV 0C Model Hold 'UART_Rx:UART_RX|valid'
Slack : 0.964
TNS   : 0.000

Type  : Slow 1200mV 0C Model Minimum Pulse Width 'CLOCK_50'
Slack : -3.000
TNS   : -37.216

Type  : Slow 1200mV 0C Model Minimum Pulse Width 'UART_Rx:UART_RX|valid'
Slack : 0.441
TNS   : 0.000

Type  : Fast 1200mV 0C Model Setup 'CLOCK_50'
Slack : -0.981
TNS   : -8.459

Type  : Fast 1200mV 0C Model Setup 'UART_Rx:UART_RX|valid'
Slack : -0.298
TNS   : -2.360

Type  : Fast 1200mV 0C Model Hold 'CLOCK_50'
Slack : 0.152
TNS   : 0.000

Type  : Fast 1200mV 0C Model Hold 'UART_Rx:UART_RX|valid'
Slack : 0.663
TNS   : 0.000

Type  : Fast 1200mV 0C Model Minimum Pulse Width 'CLOCK_50'
Slack : -3.000
TNS   : -31.760

Type  : Fast 1200mV 0C Model Minimum Pulse Width 'UART_Rx:UART_RX|valid'
Slack : 0.396
TNS   : 0.000

------------------------------------------------------------
